[34m[1mwandb[0m: [33mWARNING[0m Symlinked 1 file into the W&B run directory; call wandb.save again to sync new files.
[07-01 08:14:13] [ppo_gru.py:73] INFO - Using device: gpu
/home/admin/anaconda3/envs/rlx/lib/python3.11/site-packages/optax/_src/linear_algebra.py:44: DeprecationWarning: optax.global_norm is deprecated in favor of optax.tree.norm
  warnings.warn(
/home/admin/anaconda3/envs/rlx/lib/python3.11/site-packages/optax/_src/linear_algebra.py:44: DeprecationWarning: optax.global_norm is deprecated in favor of optax.tree.norm
  warnings.warn(
[07-01 08:32:44] [ppo_gru.py:375] INFO - Step: 524288.0
[07-01 08:33:21] [ppo_gru.py:375] INFO - Step: 1048576.0
[07-01 08:33:58] [ppo_gru.py:375] INFO - Step: 1572864.0
[07-01 08:34:35] [ppo_gru.py:375] INFO - Step: 2097152.0
[07-01 08:35:12] [ppo_gru.py:375] INFO - Step: 2621440.0
[07-01 08:35:49] [ppo_gru.py:375] INFO - Step: 3145728.0
[07-01 08:36:26] [ppo_gru.py:375] INFO - Step: 3670016.0
[07-01 08:37:03] [ppo_gru.py:375] INFO - Step: 4194304.0
[07-01 08:37:39] [ppo_gru.py:375] INFO - Step: 4718592.0
[07-01 08:38:16] [ppo_gru.py:375] INFO - Step: 5242880.0
[07-01 08:38:53] [ppo_gru.py:375] INFO - Step: 5767168.0
[07-01 08:39:30] [ppo_gru.py:375] INFO - Step: 6291456.0
[07-01 08:40:07] [ppo_gru.py:375] INFO - Step: 6815744.0
[07-01 08:40:43] [ppo_gru.py:375] INFO - Step: 7340032.0
[07-01 08:41:20] [ppo_gru.py:375] INFO - Step: 7864320.0
[07-01 08:41:57] [ppo_gru.py:375] INFO - Step: 8388608.0
[07-01 08:42:34] [ppo_gru.py:375] INFO - Step: 8912896.0
[07-01 08:43:11] [ppo_gru.py:375] INFO - Step: 9437184.0
[07-01 08:43:48] [ppo_gru.py:375] INFO - Step: 9961472.0
[07-01 08:44:25] [ppo_gru.py:375] INFO - Step: 10485760.0
[07-01 08:45:02] [ppo_gru.py:375] INFO - Step: 11010048.0
[07-01 08:45:39] [ppo_gru.py:375] INFO - Step: 11534336.0
[07-01 08:46:15] [ppo_gru.py:375] INFO - Step: 12058624.0
[07-01 08:46:52] [ppo_gru.py:375] INFO - Step: 12582912.0
[07-01 08:47:29] [ppo_gru.py:375] INFO - Step: 13107200.0
[07-01 08:48:06] [ppo_gru.py:375] INFO - Step: 13631488.0
[07-01 08:48:43] [ppo_gru.py:375] INFO - Step: 14155776.0
[07-01 08:49:20] [ppo_gru.py:375] INFO - Step: 14680064.0
[07-01 08:49:57] [ppo_gru.py:375] INFO - Step: 15204352.0
[07-01 08:50:34] [ppo_gru.py:375] INFO - Step: 15728640.0
[07-01 08:51:11] [ppo_gru.py:375] INFO - Step: 16252928.0
[07-01 08:51:48] [ppo_gru.py:375] INFO - Step: 16777216.0
[07-01 08:52:24] [ppo_gru.py:375] INFO - Step: 17301504.0
[07-01 08:55:11] [ppo_gru.py:375] INFO - Step: 17301504.0
[34m[1mwandb[0m: [33mWARNING[0m Symlinked 1 file into the W&B run directory; call wandb.save again to sync new files.
[07-01 08:55:49] [ppo_gru.py:375] INFO - Step: 17825792.0
[07-01 08:56:26] [ppo_gru.py:375] INFO - Step: 18350080.0
[07-01 08:57:03] [ppo_gru.py:375] INFO - Step: 18874368.0
[07-01 08:57:40] [ppo_gru.py:375] INFO - Step: 19398656.0
[07-01 08:58:17] [ppo_gru.py:375] INFO - Step: 19922944.0
[07-01 08:58:54] [ppo_gru.py:375] INFO - Step: 20447232.0
[07-01 08:59:31] [ppo_gru.py:375] INFO - Step: 20971520.0
[07-01 09:00:08] [ppo_gru.py:375] INFO - Step: 21495808.0
[07-01 09:00:45] [ppo_gru.py:375] INFO - Step: 22020096.0
[07-01 09:01:22] [ppo_gru.py:375] INFO - Step: 22544384.0
[07-01 09:01:59] [ppo_gru.py:375] INFO - Step: 23068672.0
[07-01 09:02:36] [ppo_gru.py:375] INFO - Step: 23592960.0
[07-01 09:03:13] [ppo_gru.py:375] INFO - Step: 24117248.0
[07-01 09:03:50] [ppo_gru.py:375] INFO - Step: 24641536.0
[07-01 09:04:27] [ppo_gru.py:375] INFO - Step: 25165824.0
[07-01 09:05:04] [ppo_gru.py:375] INFO - Step: 25690112.0
[07-01 09:05:41] [ppo_gru.py:375] INFO - Step: 26214400.0
[07-01 09:06:18] [ppo_gru.py:375] INFO - Step: 26738688.0
[07-01 09:06:55] [ppo_gru.py:375] INFO - Step: 27262976.0
[07-01 09:07:32] [ppo_gru.py:375] INFO - Step: 27787264.0
[07-01 09:08:09] [ppo_gru.py:375] INFO - Step: 28311552.0
[07-01 09:08:46] [ppo_gru.py:375] INFO - Step: 28835840.0
[07-01 09:09:23] [ppo_gru.py:375] INFO - Step: 29360128.0
[07-01 09:10:00] [ppo_gru.py:375] INFO - Step: 29884416.0
[07-01 09:10:36] [ppo_gru.py:375] INFO - Step: 30408704.0
[07-01 09:11:13] [ppo_gru.py:375] INFO - Step: 30932992.0
[07-01 09:11:50] [ppo_gru.py:375] INFO - Step: 31457280.0
[07-01 09:12:27] [ppo_gru.py:375] INFO - Step: 31981568.0
[07-01 09:13:04] [ppo_gru.py:375] INFO - Step: 32505856.0
[07-01 09:13:41] [ppo_gru.py:375] INFO - Step: 33030144.0
[07-01 09:14:18] [ppo_gru.py:375] INFO - Step: 33554432.0
[07-01 09:14:55] [ppo_gru.py:375] INFO - Step: 34078720.0
[07-01 09:15:32] [ppo_gru.py:375] INFO - Step: 34603008.0
[07-01 09:18:19] [ppo_gru.py:375] INFO - Step: 34603008.0
[07-01 09:18:57] [ppo_gru.py:375] INFO - Step: 35127296.0
[07-01 09:19:34] [ppo_gru.py:375] INFO - Step: 35651584.0
[07-01 09:20:11] [ppo_gru.py:375] INFO - Step: 36175872.0
[07-01 09:20:48] [ppo_gru.py:375] INFO - Step: 36700160.0
[07-01 09:21:25] [ppo_gru.py:375] INFO - Step: 37224448.0
[07-01 09:22:02] [ppo_gru.py:375] INFO - Step: 37748736.0
[07-01 09:22:39] [ppo_gru.py:375] INFO - Step: 38273024.0
[07-01 09:23:16] [ppo_gru.py:375] INFO - Step: 38797312.0
[07-01 09:23:53] [ppo_gru.py:375] INFO - Step: 39321600.0
[07-01 09:24:29] [ppo_gru.py:375] INFO - Step: 39845888.0
[07-01 09:25:06] [ppo_gru.py:375] INFO - Step: 40370176.0
[07-01 09:25:43] [ppo_gru.py:375] INFO - Step: 40894464.0
[07-01 09:26:21] [ppo_gru.py:375] INFO - Step: 41418752.0
[07-01 09:26:58] [ppo_gru.py:375] INFO - Step: 41943040.0
[07-01 09:27:35] [ppo_gru.py:375] INFO - Step: 42467328.0
[07-01 09:28:12] [ppo_gru.py:375] INFO - Step: 42991616.0
[07-01 09:28:49] [ppo_gru.py:375] INFO - Step: 43515904.0
[07-01 09:29:26] [ppo_gru.py:375] INFO - Step: 44040192.0
[07-01 09:30:03] [ppo_gru.py:375] INFO - Step: 44564480.0
[07-01 09:30:40] [ppo_gru.py:375] INFO - Step: 45088768.0
[07-01 09:31:16] [ppo_gru.py:375] INFO - Step: 45613056.0
[07-01 09:31:53] [ppo_gru.py:375] INFO - Step: 46137344.0
[07-01 09:32:30] [ppo_gru.py:375] INFO - Step: 46661632.0
[07-01 09:33:07] [ppo_gru.py:375] INFO - Step: 47185920.0
[07-01 09:33:44] [ppo_gru.py:375] INFO - Step: 47710208.0
[07-01 09:34:21] [ppo_gru.py:375] INFO - Step: 48234496.0
[07-01 09:34:58] [ppo_gru.py:375] INFO - Step: 48758784.0
[07-01 09:35:35] [ppo_gru.py:375] INFO - Step: 49283072.0
[07-01 09:36:12] [ppo_gru.py:375] INFO - Step: 49807360.0
[07-01 09:36:49] [ppo_gru.py:375] INFO - Step: 50331648.0
[07-01 09:37:26] [ppo_gru.py:375] INFO - Step: 50855936.0
[07-01 09:38:03] [ppo_gru.py:375] INFO - Step: 51380224.0
[07-01 09:38:40] [ppo_gru.py:375] INFO - Step: 51904512.0
[07-01 09:41:27] [ppo_gru.py:375] INFO - Step: 51904512.0
[07-01 09:42:05] [ppo_gru.py:375] INFO - Step: 52428800.0
[07-01 09:42:42] [ppo_gru.py:375] INFO - Step: 52953088.0
[07-01 09:43:19] [ppo_gru.py:375] INFO - Step: 53477376.0
[07-01 09:43:56] [ppo_gru.py:375] INFO - Step: 54001664.0
[07-01 09:44:33] [ppo_gru.py:375] INFO - Step: 54525952.0
[07-01 09:45:10] [ppo_gru.py:375] INFO - Step: 55050240.0
[07-01 09:45:47] [ppo_gru.py:375] INFO - Step: 55574528.0
[07-01 09:46:24] [ppo_gru.py:375] INFO - Step: 56098816.0
[07-01 09:47:01] [ppo_gru.py:375] INFO - Step: 56623104.0
[07-01 09:47:38] [ppo_gru.py:375] INFO - Step: 57147392.0
[07-01 09:48:15] [ppo_gru.py:375] INFO - Step: 57671680.0
[07-01 09:48:52] [ppo_gru.py:375] INFO - Step: 58195968.0
[07-01 09:49:29] [ppo_gru.py:375] INFO - Step: 58720256.0
[07-01 09:50:06] [ppo_gru.py:375] INFO - Step: 59244544.0
[07-01 09:50:43] [ppo_gru.py:375] INFO - Step: 59768832.0
[07-01 09:51:19] [ppo_gru.py:375] INFO - Step: 60293120.0
[07-01 09:51:56] [ppo_gru.py:375] INFO - Step: 60817408.0
[07-01 09:52:33] [ppo_gru.py:375] INFO - Step: 61341696.0
[07-01 09:53:10] [ppo_gru.py:375] INFO - Step: 61865984.0
[07-01 09:53:47] [ppo_gru.py:375] INFO - Step: 62390272.0
[07-01 09:54:24] [ppo_gru.py:375] INFO - Step: 62914560.0
[07-01 09:55:01] [ppo_gru.py:375] INFO - Step: 63438848.0
[07-01 09:55:38] [ppo_gru.py:375] INFO - Step: 63963136.0
[07-01 09:56:15] [ppo_gru.py:375] INFO - Step: 64487424.0
[07-01 09:56:52] [ppo_gru.py:375] INFO - Step: 65011712.0
[07-01 09:57:29] [ppo_gru.py:375] INFO - Step: 65536000.0
[07-01 09:58:06] [ppo_gru.py:375] INFO - Step: 66060288.0
[07-01 09:58:43] [ppo_gru.py:375] INFO - Step: 66584576.0
[07-01 09:59:20] [ppo_gru.py:375] INFO - Step: 67108864.0
[07-01 09:59:57] [ppo_gru.py:375] INFO - Step: 67633152.0
[07-01 10:00:34] [ppo_gru.py:375] INFO - Step: 68157440.0
[07-01 10:01:11] [ppo_gru.py:375] INFO - Step: 68681728.0
[07-01 10:01:47] [ppo_gru.py:375] INFO - Step: 69206016.0
[07-01 10:04:35] [ppo_gru.py:375] INFO - Step: 69206016.0
[07-01 10:05:13] [ppo_gru.py:375] INFO - Step: 69730304.0
[07-01 10:05:50] [ppo_gru.py:375] INFO - Step: 70254592.0
[07-01 10:06:27] [ppo_gru.py:375] INFO - Step: 70778880.0
[07-01 10:07:04] [ppo_gru.py:375] INFO - Step: 71303168.0
[07-01 10:07:40] [ppo_gru.py:375] INFO - Step: 71827456.0
[07-01 10:08:17] [ppo_gru.py:375] INFO - Step: 72351744.0
[07-01 10:08:54] [ppo_gru.py:375] INFO - Step: 72876032.0
[07-01 10:09:31] [ppo_gru.py:375] INFO - Step: 73400320.0
[07-01 10:10:08] [ppo_gru.py:375] INFO - Step: 73924608.0
[07-01 10:10:45] [ppo_gru.py:375] INFO - Step: 74448896.0
[07-01 10:11:22] [ppo_gru.py:375] INFO - Step: 74973184.0
[07-01 10:11:59] [ppo_gru.py:375] INFO - Step: 75497472.0
[07-01 10:12:35] [ppo_gru.py:375] INFO - Step: 76021760.0
[07-01 10:13:12] [ppo_gru.py:375] INFO - Step: 76546048.0
[07-01 10:13:49] [ppo_gru.py:375] INFO - Step: 77070336.0
[07-01 10:14:26] [ppo_gru.py:375] INFO - Step: 77594624.0
[07-01 10:15:03] [ppo_gru.py:375] INFO - Step: 78118912.0
[07-01 10:15:40] [ppo_gru.py:375] INFO - Step: 78643200.0
[07-01 10:16:17] [ppo_gru.py:375] INFO - Step: 79167488.0
[07-01 10:16:54] [ppo_gru.py:375] INFO - Step: 79691776.0
[07-01 10:17:31] [ppo_gru.py:375] INFO - Step: 80216064.0
[07-01 10:18:08] [ppo_gru.py:375] INFO - Step: 80740352.0
[07-01 10:18:45] [ppo_gru.py:375] INFO - Step: 81264640.0
[07-01 10:19:22] [ppo_gru.py:375] INFO - Step: 81788928.0
[07-01 10:19:59] [ppo_gru.py:375] INFO - Step: 82313216.0
[07-01 10:20:36] [ppo_gru.py:375] INFO - Step: 82837504.0
[07-01 10:21:13] [ppo_gru.py:375] INFO - Step: 83361792.0
[07-01 10:21:50] [ppo_gru.py:375] INFO - Step: 83886080.0
[07-01 10:22:27] [ppo_gru.py:375] INFO - Step: 84410368.0
[07-01 10:23:04] [ppo_gru.py:375] INFO - Step: 84934656.0
[07-01 10:23:41] [ppo_gru.py:375] INFO - Step: 85458944.0
[07-01 10:24:18] [ppo_gru.py:375] INFO - Step: 85983232.0
[07-01 10:24:55] [ppo_gru.py:375] INFO - Step: 86507520.0
[07-01 10:27:42] [ppo_gru.py:375] INFO - Step: 86507520.0
[07-01 10:28:20] [ppo_gru.py:375] INFO - Step: 87031808.0
[07-01 10:28:57] [ppo_gru.py:375] INFO - Step: 87556096.0
[07-01 10:29:34] [ppo_gru.py:375] INFO - Step: 88080384.0
[07-01 10:30:11] [ppo_gru.py:375] INFO - Step: 88604672.0
[07-01 10:30:48] [ppo_gru.py:375] INFO - Step: 89128960.0
[07-01 10:31:25] [ppo_gru.py:375] INFO - Step: 89653248.0
[07-01 10:32:02] [ppo_gru.py:375] INFO - Step: 90177536.0
[07-01 10:32:39] [ppo_gru.py:375] INFO - Step: 90701824.0
[07-01 10:33:16] [ppo_gru.py:375] INFO - Step: 91226112.0
[07-01 10:33:53] [ppo_gru.py:375] INFO - Step: 91750400.0
[07-01 10:34:30] [ppo_gru.py:375] INFO - Step: 92274688.0
[07-01 10:35:07] [ppo_gru.py:375] INFO - Step: 92798976.0
[07-01 10:35:44] [ppo_gru.py:375] INFO - Step: 93323264.0
[07-01 10:36:21] [ppo_gru.py:375] INFO - Step: 93847552.0
[07-01 10:36:58] [ppo_gru.py:375] INFO - Step: 94371840.0
[07-01 10:37:35] [ppo_gru.py:375] INFO - Step: 94896128.0
[07-01 10:38:12] [ppo_gru.py:375] INFO - Step: 95420416.0
[07-01 10:38:49] [ppo_gru.py:375] INFO - Step: 95944704.0
[07-01 10:39:26] [ppo_gru.py:375] INFO - Step: 96468992.0
[07-01 10:40:03] [ppo_gru.py:375] INFO - Step: 96993280.0
[07-01 10:40:40] [ppo_gru.py:375] INFO - Step: 97517568.0
[07-01 10:41:17] [ppo_gru.py:375] INFO - Step: 98041856.0
[07-01 10:41:54] [ppo_gru.py:375] INFO - Step: 98566144.0
[07-01 10:42:31] [ppo_gru.py:375] INFO - Step: 99090432.0
[07-01 10:43:08] [ppo_gru.py:375] INFO - Step: 99614720.0
[07-01 10:43:45] [ppo_gru.py:375] INFO - Step: 100139008.0
[07-01 10:44:22] [ppo_gru.py:375] INFO - Step: 100663296.0
[07-01 10:44:59] [ppo_gru.py:375] INFO - Step: 101187584.0
[07-01 10:45:36] [ppo_gru.py:375] INFO - Step: 101711872.0
[07-01 10:46:13] [ppo_gru.py:375] INFO - Step: 102236160.0
[07-01 10:46:50] [ppo_gru.py:375] INFO - Step: 102760448.0
[07-01 10:47:27] [ppo_gru.py:375] INFO - Step: 103284736.0
[07-01 10:48:04] [ppo_gru.py:375] INFO - Step: 103809024.0
[07-01 10:50:52] [ppo_gru.py:375] INFO - Step: 103809024.0
[07-01 10:51:30] [ppo_gru.py:375] INFO - Step: 104333312.0
[07-01 10:52:08] [ppo_gru.py:375] INFO - Step: 104857600.0
[07-01 10:52:45] [ppo_gru.py:375] INFO - Step: 105381888.0
[07-01 10:53:22] [ppo_gru.py:375] INFO - Step: 105906176.0
[07-01 10:53:59] [ppo_gru.py:375] INFO - Step: 106430464.0
[07-01 10:54:36] [ppo_gru.py:375] INFO - Step: 106954752.0
[07-01 10:55:13] [ppo_gru.py:375] INFO - Step: 107479040.0
[07-01 10:55:50] [ppo_gru.py:375] INFO - Step: 108003328.0
[07-01 10:56:27] [ppo_gru.py:375] INFO - Step: 108527616.0
[07-01 10:57:05] [ppo_gru.py:375] INFO - Step: 109051904.0
[07-01 10:57:42] [ppo_gru.py:375] INFO - Step: 109576192.0
[07-01 10:58:19] [ppo_gru.py:375] INFO - Step: 110100480.0
[07-01 10:58:56] [ppo_gru.py:375] INFO - Step: 110624768.0
[07-01 10:59:33] [ppo_gru.py:375] INFO - Step: 111149056.0
[07-01 11:00:10] [ppo_gru.py:375] INFO - Step: 111673344.0
[07-01 11:00:47] [ppo_gru.py:375] INFO - Step: 112197632.0
[07-01 11:01:24] [ppo_gru.py:375] INFO - Step: 112721920.0
[07-01 11:02:01] [ppo_gru.py:375] INFO - Step: 113246208.0
[07-01 11:02:39] [ppo_gru.py:375] INFO - Step: 113770496.0
[07-01 11:03:16] [ppo_gru.py:375] INFO - Step: 114294784.0
[07-01 11:03:53] [ppo_gru.py:375] INFO - Step: 114819072.0
[07-01 11:04:30] [ppo_gru.py:375] INFO - Step: 115343360.0
[07-01 11:05:07] [ppo_gru.py:375] INFO - Step: 115867648.0
[07-01 11:05:44] [ppo_gru.py:375] INFO - Step: 116391936.0
[07-01 11:06:21] [ppo_gru.py:375] INFO - Step: 116916224.0
[07-01 11:06:58] [ppo_gru.py:375] INFO - Step: 117440512.0
[07-01 11:07:35] [ppo_gru.py:375] INFO - Step: 117964800.0
[07-01 11:08:12] [ppo_gru.py:375] INFO - Step: 118489088.0
[07-01 11:08:49] [ppo_gru.py:375] INFO - Step: 119013376.0
[07-01 11:09:27] [ppo_gru.py:375] INFO - Step: 119537664.0
[07-01 11:10:04] [ppo_gru.py:375] INFO - Step: 120061952.0
[07-01 11:10:41] [ppo_gru.py:375] INFO - Step: 120586240.0
[07-01 11:11:18] [ppo_gru.py:375] INFO - Step: 121110528.0
[07-01 11:14:06] [ppo_gru.py:375] INFO - Step: 121110528.0
[07-01 11:14:44] [ppo_gru.py:375] INFO - Step: 121634816.0
[07-01 11:15:21] [ppo_gru.py:375] INFO - Step: 122159104.0
[07-01 11:15:59] [ppo_gru.py:375] INFO - Step: 122683392.0
[07-01 11:16:36] [ppo_gru.py:375] INFO - Step: 123207680.0
[07-01 11:17:13] [ppo_gru.py:375] INFO - Step: 123731968.0
[07-01 11:17:50] [ppo_gru.py:375] INFO - Step: 124256256.0
[07-01 11:18:27] [ppo_gru.py:375] INFO - Step: 124780544.0
[07-01 11:19:04] [ppo_gru.py:375] INFO - Step: 125304832.0
[07-01 11:19:41] [ppo_gru.py:375] INFO - Step: 125829120.0
[07-01 11:20:19] [ppo_gru.py:375] INFO - Step: 126353408.0
[07-01 11:20:56] [ppo_gru.py:375] INFO - Step: 126877696.0
[07-01 11:21:33] [ppo_gru.py:375] INFO - Step: 127401984.0
[07-01 11:22:10] [ppo_gru.py:375] INFO - Step: 127926272.0
[07-01 11:22:47] [ppo_gru.py:375] INFO - Step: 128450560.0
[07-01 11:23:24] [ppo_gru.py:375] INFO - Step: 128974848.0
[07-01 11:24:01] [ppo_gru.py:375] INFO - Step: 129499136.0
[07-01 11:24:39] [ppo_gru.py:375] INFO - Step: 130023424.0
[07-01 11:25:16] [ppo_gru.py:375] INFO - Step: 130547712.0
[07-01 11:25:53] [ppo_gru.py:375] INFO - Step: 131072000.0
[07-01 11:26:30] [ppo_gru.py:375] INFO - Step: 131596288.0
[07-01 11:27:07] [ppo_gru.py:375] INFO - Step: 132120576.0
[07-01 11:27:44] [ppo_gru.py:375] INFO - Step: 132644864.0
[07-01 11:28:21] [ppo_gru.py:375] INFO - Step: 133169152.0
[07-01 11:28:58] [ppo_gru.py:375] INFO - Step: 133693440.0
[07-01 11:29:35] [ppo_gru.py:375] INFO - Step: 134217728.0
[07-01 11:30:13] [ppo_gru.py:375] INFO - Step: 134742016.0
[07-01 11:30:50] [ppo_gru.py:375] INFO - Step: 135266304.0
[07-01 11:31:26] [ppo_gru.py:375] INFO - Step: 135790592.0
[07-01 11:32:03] [ppo_gru.py:375] INFO - Step: 136314880.0
[07-01 11:32:41] [ppo_gru.py:375] INFO - Step: 136839168.0
[07-01 11:33:17] [ppo_gru.py:375] INFO - Step: 137363456.0
[07-01 11:33:54] [ppo_gru.py:375] INFO - Step: 137887744.0
[07-01 11:34:32] [ppo_gru.py:375] INFO - Step: 138412032.0
[07-01 11:37:20] [ppo_gru.py:375] INFO - Step: 138412032.0
[07-01 11:37:58] [ppo_gru.py:375] INFO - Step: 138936320.0
[07-01 11:38:35] [ppo_gru.py:375] INFO - Step: 139460608.0
[07-01 11:39:12] [ppo_gru.py:375] INFO - Step: 139984896.0
[07-01 11:39:49] [ppo_gru.py:375] INFO - Step: 140509184.0
[07-01 11:40:27] [ppo_gru.py:375] INFO - Step: 141033472.0
[07-01 11:41:04] [ppo_gru.py:375] INFO - Step: 141557760.0
[07-01 11:41:41] [ppo_gru.py:375] INFO - Step: 142082048.0
[07-01 11:42:18] [ppo_gru.py:375] INFO - Step: 142606336.0
[07-01 11:42:55] [ppo_gru.py:375] INFO - Step: 143130624.0
[07-01 11:43:32] [ppo_gru.py:375] INFO - Step: 143654912.0
[07-01 11:44:10] [ppo_gru.py:375] INFO - Step: 144179200.0
[07-01 11:44:47] [ppo_gru.py:375] INFO - Step: 144703488.0
[07-01 11:45:24] [ppo_gru.py:375] INFO - Step: 145227776.0
[07-01 11:46:01] [ppo_gru.py:375] INFO - Step: 145752064.0
[07-01 11:46:38] [ppo_gru.py:375] INFO - Step: 146276352.0
[07-01 11:47:16] [ppo_gru.py:375] INFO - Step: 146800640.0
[07-01 11:47:53] [ppo_gru.py:375] INFO - Step: 147324928.0
[07-01 11:48:30] [ppo_gru.py:375] INFO - Step: 147849216.0
[07-01 11:49:07] [ppo_gru.py:375] INFO - Step: 148373504.0
[07-01 11:49:44] [ppo_gru.py:375] INFO - Step: 148897792.0
[07-01 11:50:22] [ppo_gru.py:375] INFO - Step: 149422080.0
[07-01 11:50:59] [ppo_gru.py:375] INFO - Step: 149946368.0
[07-01 11:51:36] [ppo_gru.py:375] INFO - Step: 150470656.0
[07-01 11:52:13] [ppo_gru.py:375] INFO - Step: 150994944.0
[07-01 11:52:50] [ppo_gru.py:375] INFO - Step: 151519232.0
[07-01 11:53:27] [ppo_gru.py:375] INFO - Step: 152043520.0
[07-01 11:54:04] [ppo_gru.py:375] INFO - Step: 152567808.0
[07-01 11:54:42] [ppo_gru.py:375] INFO - Step: 153092096.0
[07-01 11:55:19] [ppo_gru.py:375] INFO - Step: 153616384.0
[07-01 11:55:56] [ppo_gru.py:375] INFO - Step: 154140672.0
[07-01 11:56:33] [ppo_gru.py:375] INFO - Step: 154664960.0
[07-01 11:57:10] [ppo_gru.py:375] INFO - Step: 155189248.0
[07-01 11:57:47] [ppo_gru.py:375] INFO - Step: 155713536.0
[07-01 12:00:35] [ppo_gru.py:375] INFO - Step: 155713536.0
[07-01 12:01:13] [ppo_gru.py:375] INFO - Step: 156237824.0
[07-01 12:01:51] [ppo_gru.py:375] INFO - Step: 156762112.0
[07-01 12:02:28] [ppo_gru.py:375] INFO - Step: 157286400.0
[07-01 12:03:05] [ppo_gru.py:375] INFO - Step: 157810688.0
[07-01 12:03:42] [ppo_gru.py:375] INFO - Step: 158334976.0
[07-01 12:04:19] [ppo_gru.py:375] INFO - Step: 158859264.0
[07-01 12:04:56] [ppo_gru.py:375] INFO - Step: 159383552.0
[07-01 12:05:33] [ppo_gru.py:375] INFO - Step: 159907840.0
[07-01 12:06:10] [ppo_gru.py:375] INFO - Step: 160432128.0
[07-01 12:06:47] [ppo_gru.py:375] INFO - Step: 160956416.0
[07-01 12:07:24] [ppo_gru.py:375] INFO - Step: 161480704.0
[07-01 12:08:01] [ppo_gru.py:375] INFO - Step: 162004992.0
[07-01 12:08:38] [ppo_gru.py:375] INFO - Step: 162529280.0
[07-01 12:09:16] [ppo_gru.py:375] INFO - Step: 163053568.0
[07-01 12:09:53] [ppo_gru.py:375] INFO - Step: 163577856.0
[07-01 12:10:30] [ppo_gru.py:375] INFO - Step: 164102144.0
[07-01 12:11:07] [ppo_gru.py:375] INFO - Step: 164626432.0
[07-01 12:11:44] [ppo_gru.py:375] INFO - Step: 165150720.0
[07-01 12:12:21] [ppo_gru.py:375] INFO - Step: 165675008.0
[07-01 12:12:58] [ppo_gru.py:375] INFO - Step: 166199296.0
[07-01 12:13:36] [ppo_gru.py:375] INFO - Step: 166723584.0
[07-01 12:14:13] [ppo_gru.py:375] INFO - Step: 167247872.0
[07-01 12:14:50] [ppo_gru.py:375] INFO - Step: 167772160.0
[07-01 12:15:27] [ppo_gru.py:375] INFO - Step: 168296448.0
[07-01 12:16:04] [ppo_gru.py:375] INFO - Step: 168820736.0
[07-01 12:16:41] [ppo_gru.py:375] INFO - Step: 169345024.0
[07-01 12:17:18] [ppo_gru.py:375] INFO - Step: 169869312.0
[07-01 12:17:55] [ppo_gru.py:375] INFO - Step: 170393600.0
[07-01 12:18:32] [ppo_gru.py:375] INFO - Step: 170917888.0
[07-01 12:19:10] [ppo_gru.py:375] INFO - Step: 171442176.0
[07-01 12:19:47] [ppo_gru.py:375] INFO - Step: 171966464.0
[07-01 12:20:24] [ppo_gru.py:375] INFO - Step: 172490752.0
[07-01 12:21:01] [ppo_gru.py:375] INFO - Step: 173015040.0
[07-01 12:23:49] [ppo_gru.py:375] INFO - Step: 173015040.0
[07-01 12:24:27] [ppo_gru.py:375] INFO - Step: 173539328.0
[07-01 12:25:04] [ppo_gru.py:375] INFO - Step: 174063616.0
[07-01 12:25:42] [ppo_gru.py:375] INFO - Step: 174587904.0
[07-01 12:26:18] [ppo_gru.py:375] INFO - Step: 175112192.0
[07-01 12:26:56] [ppo_gru.py:375] INFO - Step: 175636480.0
[07-01 12:27:33] [ppo_gru.py:375] INFO - Step: 176160768.0
[07-01 12:28:10] [ppo_gru.py:375] INFO - Step: 176685056.0
[07-01 12:28:47] [ppo_gru.py:375] INFO - Step: 177209344.0
[07-01 12:29:24] [ppo_gru.py:375] INFO - Step: 177733632.0
[07-01 12:30:01] [ppo_gru.py:375] INFO - Step: 178257920.0
[07-01 12:30:39] [ppo_gru.py:375] INFO - Step: 178782208.0
[07-01 12:31:16] [ppo_gru.py:375] INFO - Step: 179306496.0
[07-01 12:31:53] [ppo_gru.py:375] INFO - Step: 179830784.0
[07-01 12:32:30] [ppo_gru.py:375] INFO - Step: 180355072.0
[07-01 12:33:07] [ppo_gru.py:375] INFO - Step: 180879360.0
[07-01 12:33:45] [ppo_gru.py:375] INFO - Step: 181403648.0
[07-01 12:34:22] [ppo_gru.py:375] INFO - Step: 181927936.0
[07-01 12:34:59] [ppo_gru.py:375] INFO - Step: 182452224.0
[07-01 12:35:36] [ppo_gru.py:375] INFO - Step: 182976512.0
[07-01 12:36:13] [ppo_gru.py:375] INFO - Step: 183500800.0
[07-01 12:36:51] [ppo_gru.py:375] INFO - Step: 184025088.0
[07-01 12:37:28] [ppo_gru.py:375] INFO - Step: 184549376.0
[07-01 12:38:05] [ppo_gru.py:375] INFO - Step: 185073664.0
[07-01 12:38:42] [ppo_gru.py:375] INFO - Step: 185597952.0
[07-01 12:39:20] [ppo_gru.py:375] INFO - Step: 186122240.0
[07-01 12:39:57] [ppo_gru.py:375] INFO - Step: 186646528.0
[07-01 12:40:34] [ppo_gru.py:375] INFO - Step: 187170816.0
[07-01 12:41:11] [ppo_gru.py:375] INFO - Step: 187695104.0
[07-01 12:41:23] [ppo_gru.py:375] INFO - Step: 188219392.0
[07-01 12:41:43] [ppo_gru.py:375] INFO - Step: 188743680.0
[07-01 12:42:10] [ppo_gru.py:375] INFO - Step: 189267968.0
[07-01 12:42:38] [ppo_gru.py:375] INFO - Step: 189792256.0
[07-01 12:43:05] [ppo_gru.py:375] INFO - Step: 190316544.0
[07-01 12:44:57] [ppo_gru.py:375] INFO - Step: 190316544.0
[07-01 12:45:26] [ppo_gru.py:375] INFO - Step: 190840832.0
[07-01 12:45:53] [ppo_gru.py:375] INFO - Step: 191365120.0
[07-01 12:46:21] [ppo_gru.py:375] INFO - Step: 191889408.0
[07-01 12:46:48] [ppo_gru.py:375] INFO - Step: 192413696.0
[07-01 12:47:16] [ppo_gru.py:375] INFO - Step: 192937984.0
[07-01 12:47:43] [ppo_gru.py:375] INFO - Step: 193462272.0
[07-01 12:48:10] [ppo_gru.py:375] INFO - Step: 193986560.0
[07-01 12:48:38] [ppo_gru.py:375] INFO - Step: 194510848.0
[07-01 12:49:05] [ppo_gru.py:375] INFO - Step: 195035136.0
[07-01 12:49:33] [ppo_gru.py:375] INFO - Step: 195559424.0
[07-01 12:50:00] [ppo_gru.py:375] INFO - Step: 196083712.0
[07-01 12:50:28] [ppo_gru.py:375] INFO - Step: 196608000.0
[07-01 12:50:55] [ppo_gru.py:375] INFO - Step: 197132288.0
[07-01 12:51:23] [ppo_gru.py:375] INFO - Step: 197656576.0
[07-01 12:51:50] [ppo_gru.py:375] INFO - Step: 198180864.0
[07-01 12:52:18] [ppo_gru.py:375] INFO - Step: 198705152.0
[07-01 12:52:45] [ppo_gru.py:375] INFO - Step: 199229440.0
[07-01 12:53:13] [ppo_gru.py:375] INFO - Step: 199753728.0
[07-01 12:53:40] [ppo_gru.py:375] INFO - Step: 200278016.0
[07-01 12:54:08] [ppo_gru.py:375] INFO - Step: 200802304.0
[07-01 12:54:35] [ppo_gru.py:375] INFO - Step: 201326592.0
[07-01 12:55:03] [ppo_gru.py:375] INFO - Step: 201850880.0
[07-01 12:55:31] [ppo_gru.py:375] INFO - Step: 202375168.0
[07-01 12:55:58] [ppo_gru.py:375] INFO - Step: 202899456.0
[07-01 12:56:26] [ppo_gru.py:375] INFO - Step: 203423744.0
[07-01 12:56:53] [ppo_gru.py:375] INFO - Step: 203948032.0
[07-01 12:57:21] [ppo_gru.py:375] INFO - Step: 204472320.0
[07-01 12:57:46] [ppo_gru.py:375] INFO - Step: 204996608.0
[07-01 12:57:58] [ppo_gru.py:375] INFO - Step: 205520896.0
[07-01 12:58:29] [ppo_gru.py:375] INFO - Step: 206045184.0
[07-01 12:59:05] [ppo_gru.py:375] INFO - Step: 206569472.0
[07-01 12:59:42] [ppo_gru.py:375] INFO - Step: 207093760.0
[07-01 13:00:18] [ppo_gru.py:375] INFO - Step: 207618048.0
[07-01 13:03:01] [ppo_gru.py:375] INFO - Step: 207618048.0
[07-01 13:03:38] [ppo_gru.py:375] INFO - Step: 208142336.0
[07-01 13:04:14] [ppo_gru.py:375] INFO - Step: 208666624.0
[07-01 13:04:51] [ppo_gru.py:375] INFO - Step: 209190912.0
[07-01 13:05:27] [ppo_gru.py:375] INFO - Step: 209715200.0
[07-01 13:06:04] [ppo_gru.py:375] INFO - Step: 210239488.0
[07-01 13:06:41] [ppo_gru.py:375] INFO - Step: 210763776.0
[07-01 13:07:17] [ppo_gru.py:375] INFO - Step: 211288064.0
[07-01 13:07:53] [ppo_gru.py:375] INFO - Step: 211812352.0
[07-01 13:08:30] [ppo_gru.py:375] INFO - Step: 212336640.0
[07-01 13:09:07] [ppo_gru.py:375] INFO - Step: 212860928.0
[07-01 13:09:43] [ppo_gru.py:375] INFO - Step: 213385216.0
[07-01 13:10:19] [ppo_gru.py:375] INFO - Step: 213909504.0
[07-01 13:10:55] [ppo_gru.py:375] INFO - Step: 214433792.0
[07-01 13:11:32] [ppo_gru.py:375] INFO - Step: 214958080.0
[07-01 13:12:08] [ppo_gru.py:375] INFO - Step: 215482368.0
[07-01 13:12:44] [ppo_gru.py:375] INFO - Step: 216006656.0
[07-01 13:13:21] [ppo_gru.py:375] INFO - Step: 216530944.0
[07-01 13:13:57] [ppo_gru.py:375] INFO - Step: 217055232.0
[07-01 13:14:33] [ppo_gru.py:375] INFO - Step: 217579520.0
[07-01 13:15:09] [ppo_gru.py:375] INFO - Step: 218103808.0
[07-01 13:15:45] [ppo_gru.py:375] INFO - Step: 218628096.0
[07-01 13:16:21] [ppo_gru.py:375] INFO - Step: 219152384.0
[07-01 13:16:57] [ppo_gru.py:375] INFO - Step: 219676672.0
[07-01 13:17:34] [ppo_gru.py:375] INFO - Step: 220200960.0
[07-01 13:18:10] [ppo_gru.py:375] INFO - Step: 220725248.0
[07-01 13:18:46] [ppo_gru.py:375] INFO - Step: 221249536.0
[07-01 13:19:23] [ppo_gru.py:375] INFO - Step: 221773824.0
[07-01 13:19:59] [ppo_gru.py:375] INFO - Step: 222298112.0
[07-01 13:20:35] [ppo_gru.py:375] INFO - Step: 222822400.0
[07-01 13:21:11] [ppo_gru.py:375] INFO - Step: 223346688.0
[07-01 13:21:47] [ppo_gru.py:375] INFO - Step: 223870976.0
[07-01 13:22:23] [ppo_gru.py:375] INFO - Step: 224395264.0
[07-01 13:23:00] [ppo_gru.py:375] INFO - Step: 224919552.0
[07-01 13:25:39] [ppo_gru.py:375] INFO - Step: 224919552.0
[07-01 13:26:17] [ppo_gru.py:375] INFO - Step: 225443840.0
[07-01 13:26:53] [ppo_gru.py:375] INFO - Step: 225968128.0
[07-01 13:27:30] [ppo_gru.py:375] INFO - Step: 226492416.0
[07-01 13:28:07] [ppo_gru.py:375] INFO - Step: 227016704.0
[07-01 13:28:44] [ppo_gru.py:375] INFO - Step: 227540992.0
[07-01 13:29:20] [ppo_gru.py:375] INFO - Step: 228065280.0
[07-01 13:29:57] [ppo_gru.py:375] INFO - Step: 228589568.0
[07-01 13:30:33] [ppo_gru.py:375] INFO - Step: 229113856.0
[07-01 13:31:09] [ppo_gru.py:375] INFO - Step: 229638144.0
[07-01 13:31:45] [ppo_gru.py:375] INFO - Step: 230162432.0
[07-01 13:32:22] [ppo_gru.py:375] INFO - Step: 230686720.0
[07-01 13:32:58] [ppo_gru.py:375] INFO - Step: 231211008.0
[07-01 13:33:35] [ppo_gru.py:375] INFO - Step: 231735296.0
[07-01 13:34:11] [ppo_gru.py:375] INFO - Step: 232259584.0
[07-01 13:34:47] [ppo_gru.py:375] INFO - Step: 232783872.0
[07-01 13:35:23] [ppo_gru.py:375] INFO - Step: 233308160.0
[07-01 13:35:59] [ppo_gru.py:375] INFO - Step: 233832448.0
[07-01 13:36:36] [ppo_gru.py:375] INFO - Step: 234356736.0
[07-01 13:37:12] [ppo_gru.py:375] INFO - Step: 234881024.0
[07-01 13:37:48] [ppo_gru.py:375] INFO - Step: 235405312.0
[07-01 13:38:24] [ppo_gru.py:375] INFO - Step: 235929600.0
[07-01 13:39:00] [ppo_gru.py:375] INFO - Step: 236453888.0
[07-01 13:39:36] [ppo_gru.py:375] INFO - Step: 236978176.0
[07-01 13:40:12] [ppo_gru.py:375] INFO - Step: 237502464.0
[07-01 13:40:48] [ppo_gru.py:375] INFO - Step: 238026752.0
[07-01 13:41:24] [ppo_gru.py:375] INFO - Step: 238551040.0
[07-01 13:42:00] [ppo_gru.py:375] INFO - Step: 239075328.0
[07-01 13:42:35] [ppo_gru.py:375] INFO - Step: 239599616.0
[07-01 13:43:12] [ppo_gru.py:375] INFO - Step: 240123904.0
[07-01 13:43:48] [ppo_gru.py:375] INFO - Step: 240648192.0
[07-01 13:44:24] [ppo_gru.py:375] INFO - Step: 241172480.0
[07-01 13:45:01] [ppo_gru.py:375] INFO - Step: 241696768.0
[07-01 13:45:37] [ppo_gru.py:375] INFO - Step: 242221056.0
[07-01 13:48:18] [ppo_gru.py:375] INFO - Step: 242221056.0
[07-01 13:48:54] [ppo_gru.py:375] INFO - Step: 242745344.0
[07-01 13:49:30] [ppo_gru.py:375] INFO - Step: 243269632.0
[07-01 13:50:06] [ppo_gru.py:375] INFO - Step: 243793920.0
[07-01 13:50:41] [ppo_gru.py:375] INFO - Step: 244318208.0
[07-01 13:51:18] [ppo_gru.py:375] INFO - Step: 244842496.0
[07-01 13:51:54] [ppo_gru.py:375] INFO - Step: 245366784.0
[07-01 13:52:30] [ppo_gru.py:375] INFO - Step: 245891072.0
[07-01 13:53:06] [ppo_gru.py:375] INFO - Step: 246415360.0
[07-01 13:53:43] [runner.py:382] ERROR - Uncaught exception
Traceback (most recent call last):
  File "/home/admin/code/RL-X/rl_x/runner/runner.py", line 380, in _train
    model.train()
  File "/home/admin/code/RL-X/rl_x/algorithms/ppo_gru/flax_full_jit/ppo_gru.py", line 351, in train
    jax.block_until_ready(train_function(seed_keys, jnp.arange(self.nr_parallel_seeds)))
                          ^^^^^^^^^^^^^^^^^^^^^^^^^^^^^^^^^^^^^^^^^^^^^^^^^^^^^^^^^^^^^
jaxlib._jax.XlaRuntimeError: INTERNAL: CpuCallback error calling callback: Traceback (most recent call last):
  File "/home/admin/code/RL-X/experiments/experiment.py", line 6, in <module>
  File "/home/admin/code/RL-X/rl_x/runner/runner.py", line 292, in run
  File "/home/admin/anaconda3/envs/rlx/lib/python3.11/site-packages/absl/app.py", line 367, in run
  File "/home/admin/anaconda3/envs/rlx/lib/python3.11/site-packages/absl/app.py", line 312, in _run_main
  File "/home/admin/code/RL-X/rl_x/runner/runner.py", line 380, in _train
  File "/home/admin/code/RL-X/rl_x/algorithms/ppo_gru/flax_full_jit/ppo_gru.py", line 351, in train
  File "/home/admin/anaconda3/envs/rlx/lib/python3.11/site-packages/jax/_src/traceback_util.py", line 180, in reraise_with_filtered_traceback
  File "/home/admin/anaconda3/envs/rlx/lib/python3.11/site-packages/jax/_src/pjit.py", line 268, in cache_miss
  File "/home/admin/anaconda3/envs/rlx/lib/python3.11/site-packages/jax/_src/pjit.py", line 147, in _python_pjit_helper
  File "/home/admin/anaconda3/envs/rlx/lib/python3.11/site-packages/jax/_src/pjit.py", line 1780, in _pjit_call_impl_python
  File "/home/admin/anaconda3/envs/rlx/lib/python3.11/site-packages/jax/_src/profiler.py", line 364, in wrapper
  File "/home/admin/anaconda3/envs/rlx/lib/python3.11/site-packages/jax/_src/interpreters/pxla.py", line 1372, in __call__
  File "/home/admin/anaconda3/envs/rlx/lib/python3.11/site-packages/jax/_src/callback.py", line 783, in _wrapped_callback
KeyboardInterrupt:
--------------------
For simplicity, JAX has removed its internal frames from the traceback of the following exception. Set JAX_TRACEBACK_FILTERING=off to include these.
